// Jest Snapshot v1, https://goo.gl/fbAQLP

exports[`ScrollText should match the snapshot with all data passed in correctly 1`] = `
<div
  className="scroll-text-container"
>
  <div
    className="fade"
  />
  <section
    className="star-wars"
  >
    <div
      className="crawl"
    >
      <div
        className="title"
      >
        <p>
          Episode IV 
        </p>
        <h1>
          A New Hope
        </h1>
      </div>
      <p
        className="scroll-text"
      >
        It is a period of civil war.
Rebel spaceships, striking
from a hidden base, have won
their first victory against
the evil Galactic Empire.

During the battle, Rebel
spies managed to steal secreâ€¦
      </p>
      <p>
        - released: 
      </p>
    </div>
  </section>
</div>
`;
