// Jest Snapshot v1, https://goo.gl/fbAQLP

exports[`Navigation should match the snapshot with all data passed in correctly 1`] = `
<div
  className="navigation"
>
  Navigation
</div>
`;
