// Jest Snapshot v1, https://goo.gl/fbAQLP

exports[`CardContainer should match the snapshot with all data passed in correctly 1`] = `
<div
  className="card-container"
>
  <Card
    clickFavoriteButton={[Function]}
    key="Alderaan"
    property={
      Object {
        "climate": "temperate",
        "created": "2014-12-10T11:35:48.479000Z",
        "diameter": "12500",
        "edited": "2014-12-20T20:58:18.420000Z",
        "films": Array [
          "https://swapi.co/api/films/6/",
          "https://swapi.co/api/films/1/",
        ],
        "gravity": "1 standard",
        "name": "Alderaan",
        "orbital_period": "364",
        "population": "2000000000",
        "residents": Array [
          "https://swapi.co/api/people/5/",
          "https://swapi.co/api/people/68/",
          "https://swapi.co/api/people/81/",
        ],
        "rotation_period": "24",
        "surface_water": "40",
        "terrain": "grasslands, mountains",
        "url": "https://swapi.co/api/planets/2/",
      }
    }
    selected="people"
  />
</div>
`;
